// Jest Snapshot v1, https://goo.gl/fbAQLP

exports[`Card Component renders Card with core data 1`] = `
<div
  class="MuiPaper-root MuiPaper-elevation1 MuiCard-root card MuiPaper-rounded"
>
  <div
    class="MuiCardContent-root"
  >
    <p
      class="MuiTypography-root MuiTypography-body1"
    >
      New
    </p>
    <h5
      class="MuiTypography-root MuiTypography-h5 MuiTypography-gutterBottom"
    >
      INCXXXXX
    </h5>
    <p
      class="MuiTypography-root card-subheading MuiTypography-body1"
    >
      Application: 
      System
    </p>
    <p
      class="MuiTypography-root card-subheading MuiTypography-body1 MuiTypography-gutterBottom"
    >
      Assignee: 
      John Doe
    </p>
    <p
      class="MuiTypography-root MuiTypography-body2"
    >
      description
    </p>
  </div>
  <div
    class="MuiCardActions-root MuiCardActions-spacing"
  >
    <button
      class="MuiButtonBase-root MuiButton-root learnmore MuiButton-text MuiButton-sizeSmall"
      data-testid="learn-more"
      tabindex="0"
      type="button"
    >
      <span
        class="MuiButton-label"
      >
        Learn more
      </span>
      <span
        class="MuiTouchRipple-root"
      />
    </button>
  </div>
</div>
`;
