// Jest Snapshot v1, https://goo.gl/fbAQLP

exports[`Drawer Component renders Drawer with service data 1`] = `
<div
  class="PrivateSwipeArea-root-111 PrivateSwipeArea-anchorRight-113"
  style="width: 20px;"
/>
`;

exports[`DrawerContent Component renders Drawer with service data 1`] = `
<div
  class="makeStyles-contentWrapper-117"
>
  <h2
    class="MuiTypography-root MuiTypography-h2"
  >
    INCXXXX
  </h2>
  <div
    class="makeStyles-infoItemWrapper-118"
  >
    <span
      class="makeStyles-infoItemLabel-119"
    >
      parent
    </span>
    <div
      class="MuiFormControl-root MuiTextField-root makeStyles-infoItemValue-120"
    >
      <div
        class="MuiInputBase-root MuiInput-root MuiInput-underline MuiInputBase-formControl MuiInput-formControl"
      >
        <input
          aria-invalid="false"
          class="MuiInputBase-input MuiInput-input"
          type="text"
          value=""
        />
      </div>
    </div>
  </div>
  <div
    class="makeStyles-infoItemWrapper-118"
  >
    <span
      class="makeStyles-infoItemLabel-119"
    >
      made_sla
    </span>
    <div
      class="MuiFormControl-root MuiTextField-root makeStyles-infoItemValue-120"
    >
      <div
        class="MuiInputBase-root MuiInput-root MuiInput-underline MuiInputBase-formControl MuiInput-formControl"
      >
        <input
          aria-invalid="false"
          class="MuiInputBase-input MuiInput-input"
          type="text"
          value="false"
        />
      </div>
    </div>
  </div>
  <div
    class="makeStyles-infoItemWrapper-118"
  >
    <span
      class="makeStyles-infoItemLabel-119"
    >
      caused_by
    </span>
    <div
      class="MuiFormControl-root MuiTextField-root makeStyles-infoItemValue-120"
    >
      <div
        class="MuiInputBase-root MuiInput-root MuiInput-underline MuiInputBase-formControl MuiInput-formControl"
      >
        <input
          aria-invalid="false"
          class="MuiInputBase-input MuiInput-input"
          type="text"
          value=""
        />
      </div>
    </div>
  </div>
  <div
    class="makeStyles-infoItemWrapper-118"
  >
    <span
      class="makeStyles-infoItemLabel-119"
    >
      watch_list
    </span>
    <div
      class="MuiFormControl-root MuiTextField-root makeStyles-infoItemValue-120"
    >
      <div
        class="MuiInputBase-root MuiInput-root MuiInput-underline MuiInputBase-formControl MuiInput-formControl"
      >
        <input
          aria-invalid="false"
          class="MuiInputBase-input MuiInput-input"
          type="text"
          value=""
        />
      </div>
    </div>
  </div>
  <div
    class="makeStyles-infoItemWrapper-118"
  >
    <span
      class="makeStyles-infoItemLabel-119"
    >
      upon_reject
    </span>
    <div
      class="MuiFormControl-root MuiTextField-root makeStyles-infoItemValue-120"
    >
      <div
        class="MuiInputBase-root MuiInput-root MuiInput-underline MuiInputBase-formControl MuiInput-formControl"
      >
        <input
          aria-invalid="false"
          class="MuiInputBase-input MuiInput-input"
          type="text"
          value="null"
        />
      </div>
    </div>
  </div>
  <div
    class="makeStyles-infoItemWrapper-118"
  >
    <span
      class="makeStyles-infoItemLabel-119"
    >
      child_incidents
    </span>
    <div
      class="MuiFormControl-root MuiTextField-root makeStyles-infoItemValue-120"
    >
      <div
        class="MuiInputBase-root MuiInput-root MuiInput-underline MuiInputBase-formControl MuiInput-formControl"
      >
        <input
          aria-invalid="false"
          class="MuiInputBase-input MuiInput-input"
          type="text"
          value=""
        />
      </div>
    </div>
  </div>
  <div
    class="makeStyles-infoItemWrapper-118"
  >
    <span
      class="makeStyles-infoItemLabel-119"
    >
      hold_reason
    </span>
    <div
      class="MuiFormControl-root MuiTextField-root makeStyles-infoItemValue-120"
    >
      <div
        class="MuiInputBase-root MuiInput-root MuiInput-underline MuiInputBase-formControl MuiInput-formControl"
      >
        <input
          aria-invalid="false"
          class="MuiInputBase-input MuiInput-input"
          type="text"
          value=""
        />
      </div>
    </div>
  </div>
  <div
    class="makeStyles-infoItemWrapper-118"
  >
    <span
      class="makeStyles-infoItemLabel-119"
    >
      approval_history
    </span>
    <div
      class="MuiFormControl-root MuiTextField-root makeStyles-infoItemValue-120"
    >
      <div
        class="MuiInputBase-root MuiInput-root MuiInput-underline MuiInputBase-formControl MuiInput-formControl"
      >
        <input
          aria-invalid="false"
          class="MuiInputBase-input MuiInput-input"
          type="text"
          value=""
        />
      </div>
    </div>
  </div>
  <div
    class="makeStyles-infoItemWrapper-118"
  >
    <span
      class="makeStyles-infoItemLabel-119"
    >
      resolved_by
    </span>
    <div
      class="MuiFormControl-root MuiTextField-root makeStyles-infoItemValue-120"
    >
      <div
        class="MuiInputBase-root MuiInput-root MuiInput-underline MuiInputBase-formControl MuiInput-formControl"
      >
        <input
          aria-invalid="false"
          class="MuiInputBase-input MuiInput-input"
          type="text"
          value="System Administrator"
        />
      </div>
    </div>
  </div>
  <div
    class="makeStyles-infoItemWrapper-118"
  >
    <span
      class="makeStyles-infoItemLabel-119"
    >
      sys_updated_by
    </span>
    <div
      class="MuiFormControl-root MuiTextField-root makeStyles-infoItemValue-120"
    >
      <div
        class="MuiInputBase-root MuiInput-root MuiInput-underline MuiInputBase-formControl MuiInput-formControl"
      >
        <input
          aria-invalid="false"
          class="MuiInputBase-input MuiInput-input"
          type="text"
          value="system"
        />
      </div>
    </div>
  </div>
  <div
    class="makeStyles-infoItemWrapper-118"
  >
    <span
      class="makeStyles-infoItemLabel-119"
    >
      opened_by
    </span>
    <div
      class="MuiFormControl-root MuiTextField-root makeStyles-infoItemValue-120"
    >
      <div
        class="MuiInputBase-root MuiInput-root MuiInput-underline MuiInputBase-formControl MuiInput-formControl"
      >
        <input
          aria-invalid="false"
          class="MuiInputBase-input MuiInput-input"
          type="text"
          value="System Administrator"
        />
      </div>
    </div>
  </div>
  <div
    class="makeStyles-infoItemWrapper-118"
  >
    <span
      class="makeStyles-infoItemLabel-119"
    >
      user_input
    </span>
    <div
      class="MuiFormControl-root MuiTextField-root makeStyles-infoItemValue-120"
    >
      <div
        class="MuiInputBase-root MuiInput-root MuiInput-underline MuiInputBase-formControl MuiInput-formControl"
      >
        <input
          aria-invalid="false"
          class="MuiInputBase-input MuiInput-input"
          type="text"
          value=""
        />
      </div>
    </div>
  </div>
  <div
    class="makeStyles-infoItemWrapper-118"
  >
    <span
      class="makeStyles-infoItemLabel-119"
    >
      sys_created_on
    </span>
    <div
      class="MuiFormControl-root MuiTextField-root makeStyles-infoItemValue-120"
    >
      <div
        class="MuiInputBase-root MuiInput-root MuiInput-underline MuiInputBase-formControl MuiInput-formControl"
      >
        <input
          aria-invalid="false"
          class="MuiInputBase-input MuiInput-input"
          type="text"
          value="2017-07-10 15:14:01"
        />
      </div>
    </div>
  </div>
  <div
    class="makeStyles-infoItemWrapper-118"
  >
    <span
      class="makeStyles-infoItemLabel-119"
    >
      sys_domain
    </span>
    <div
      class="MuiFormControl-root MuiTextField-root makeStyles-infoItemValue-120"
    >
      <div
        class="MuiInputBase-root MuiInput-root MuiInput-underline MuiInputBase-formControl MuiInput-formControl"
      >
        <input
          aria-invalid="false"
          class="MuiInputBase-input MuiInput-input"
          type="text"
          value="global"
        />
      </div>
    </div>
  </div>
  <div
    class="makeStyles-infoItemWrapper-118"
  >
    <span
      class="makeStyles-infoItemLabel-119"
    >
      state
    </span>
    <div
      class="MuiFormControl-root MuiTextField-root makeStyles-infoItemValue-120"
    >
      <div
        class="MuiInputBase-root MuiInput-root MuiInput-underline MuiInputBase-formControl MuiInput-formControl"
      >
        <input
          aria-invalid="false"
          class="MuiInputBase-input MuiInput-input"
          type="text"
          value="toggled"
        />
      </div>
    </div>
  </div>
  <div
    class="makeStyles-infoItemWrapper-118"
  >
    <span
      class="makeStyles-infoItemLabel-119"
    >
      sys_created_by
    </span>
    <div
      class="MuiFormControl-root MuiTextField-root makeStyles-infoItemValue-120"
    >
      <div
        class="MuiInputBase-root MuiInput-root MuiInput-underline MuiInputBase-formControl MuiInput-formControl"
      >
        <input
          aria-invalid="false"
          class="MuiInputBase-input MuiInput-input"
          type="text"
          value="admin"
        />
      </div>
    </div>
  </div>
  <div
    class="makeStyles-infoItemWrapper-118"
  >
    <span
      class="makeStyles-infoItemLabel-119"
    >
      knowledge
    </span>
    <div
      class="MuiFormControl-root MuiTextField-root makeStyles-infoItemValue-120"
    >
      <div
        class="MuiInputBase-root MuiInput-root MuiInput-underline MuiInputBase-formControl MuiInput-formControl"
      >
        <input
          aria-invalid="false"
          class="MuiInputBase-input MuiInput-input"
          type="text"
          value="false"
        />
      </div>
    </div>
  </div>
  <div
    class="makeStyles-infoItemWrapper-118"
  >
    <span
      class="makeStyles-infoItemLabel-119"
    >
      order
    </span>
    <div
      class="MuiFormControl-root MuiTextField-root makeStyles-infoItemValue-120"
    >
      <div
        class="MuiInputBase-root MuiInput-root MuiInput-underline MuiInputBase-formControl MuiInput-formControl"
      >
        <input
          aria-invalid="false"
          class="MuiInputBase-input MuiInput-input"
          type="text"
          value=""
        />
      </div>
    </div>
  </div>
  <div
    class="makeStyles-infoItemWrapper-118"
  >
    <span
      class="makeStyles-infoItemLabel-119"
    >
      calendar_stc
    </span>
    <div
      class="MuiFormControl-root MuiTextField-root makeStyles-infoItemValue-120"
    >
      <div
        class="MuiInputBase-root MuiInput-root MuiInput-underline MuiInputBase-formControl MuiInput-formControl"
      >
        <input
          aria-invalid="false"
          class="MuiInputBase-input MuiInput-input"
          type="text"
          value="7,690,046"
        />
      </div>
    </div>
  </div>
  <div
    class="makeStyles-infoItemWrapper-118"
  >
    <span
      class="makeStyles-infoItemLabel-119"
    >
      toggled_at
    </span>
    <div
      class="MuiFormControl-root MuiTextField-root makeStyles-infoItemValue-120"
    >
      <div
        class="MuiInputBase-root MuiInput-root MuiInput-underline MuiInputBase-formControl MuiInput-formControl"
      >
        <input
          aria-invalid="false"
          class="MuiInputBase-input MuiInput-input"
          type="text"
          value="2019-05-27 12:56:17"
        />
      </div>
    </div>
  </div>
  <div
    class="makeStyles-infoItemWrapper-118"
  >
    <span
      class="makeStyles-infoItemLabel-119"
    >
      cmdb_ci
    </span>
    <div
      class="MuiFormControl-root MuiTextField-root makeStyles-infoItemValue-120"
    >
      <div
        class="MuiInputBase-root MuiInput-root MuiInput-underline MuiInputBase-formControl MuiInput-formControl"
      >
        <input
          aria-invalid="false"
          class="MuiInputBase-input MuiInput-input"
          type="text"
          value="ApplicationServerPeopleSoft"
        />
      </div>
    </div>
  </div>
  <div
    class="makeStyles-infoItemWrapper-118"
  >
    <span
      class="makeStyles-infoItemLabel-119"
    >
      delivery_plan
    </span>
    <div
      class="MuiFormControl-root MuiTextField-root makeStyles-infoItemValue-120"
    >
      <div
        class="MuiInputBase-root MuiInput-root MuiInput-underline MuiInputBase-formControl MuiInput-formControl"
      >
        <input
          aria-invalid="false"
          class="MuiInputBase-input MuiInput-input"
          type="text"
          value=""
        />
      </div>
    </div>
  </div>
  <div
    class="makeStyles-infoItemWrapper-118"
  >
    <span
      class="makeStyles-infoItemLabel-119"
    >
      impact
    </span>
    <div
      class="MuiFormControl-root MuiTextField-root makeStyles-infoItemValue-120"
    >
      <div
        class="MuiInputBase-root MuiInput-root MuiInput-underline MuiInputBase-formControl MuiInput-formControl"
      >
        <input
          aria-invalid="false"
          class="MuiInputBase-input MuiInput-input"
          type="text"
          value="1 - High"
        />
      </div>
    </div>
  </div>
  <div
    class="makeStyles-infoItemWrapper-118"
  >
    <span
      class="makeStyles-infoItemLabel-119"
    >
      active
    </span>
    <div
      class="MuiFormControl-root MuiTextField-root makeStyles-infoItemValue-120"
    >
      <div
        class="MuiInputBase-root MuiInput-root MuiInput-underline MuiInputBase-formControl MuiInput-formControl"
      >
        <input
          aria-invalid="false"
          class="MuiInputBase-input MuiInput-input"
          type="text"
          value="false"
        />
      </div>
    </div>
  </div>
  <div
    class="makeStyles-infoItemWrapper-118"
  >
    <span
      class="makeStyles-infoItemLabel-119"
    >
      work_notes_list
    </span>
    <div
      class="MuiFormControl-root MuiTextField-root makeStyles-infoItemValue-120"
    >
      <div
        class="MuiInputBase-root MuiInput-root MuiInput-underline MuiInputBase-formControl MuiInput-formControl"
      >
        <input
          aria-invalid="false"
          class="MuiInputBase-input MuiInput-input"
          type="text"
          value=""
        />
      </div>
    </div>
  </div>
  <div
    class="makeStyles-infoItemWrapper-118"
  >
    <span
      class="makeStyles-infoItemLabel-119"
    >
      business_service
    </span>
    <div
      class="MuiFormControl-root MuiTextField-root makeStyles-infoItemValue-120"
    >
      <div
        class="MuiInputBase-root MuiInput-root MuiInput-underline MuiInputBase-formControl MuiInput-formControl"
      >
        <input
          aria-invalid="false"
          class="MuiInputBase-input MuiInput-input"
          type="text"
          value=""
        />
      </div>
    </div>
  </div>
  <div
    class="makeStyles-infoItemWrapper-118"
  >
    <span
      class="makeStyles-infoItemLabel-119"
    >
      priority
    </span>
    <div
      class="MuiFormControl-root MuiTextField-root makeStyles-infoItemValue-120"
    >
      <div
        class="MuiInputBase-root MuiInput-root MuiInput-underline MuiInputBase-formControl MuiInput-formControl"
      >
        <input
          aria-invalid="false"
          class="MuiInputBase-input MuiInput-input"
          type="text"
          value="1 - Critical"
        />
      </div>
    </div>
  </div>
  <div
    class="makeStyles-infoItemWrapper-118"
  >
    <span
      class="makeStyles-infoItemLabel-119"
    >
      sys_domain_path
    </span>
    <div
      class="MuiFormControl-root MuiTextField-root makeStyles-infoItemValue-120"
    >
      <div
        class="MuiInputBase-root MuiInput-root MuiInput-underline MuiInputBase-formControl MuiInput-formControl"
      >
        <input
          aria-invalid="false"
          class="MuiInputBase-input MuiInput-input"
          type="text"
          value="/"
        />
      </div>
    </div>
  </div>
  <div
    class="makeStyles-infoItemWrapper-118"
  >
    <span
      class="makeStyles-infoItemLabel-119"
    >
      rfc
    </span>
    <div
      class="MuiFormControl-root MuiTextField-root makeStyles-infoItemValue-120"
    >
      <div
        class="MuiInputBase-root MuiInput-root MuiInput-underline MuiInputBase-formControl MuiInput-formControl"
      >
        <input
          aria-invalid="false"
          class="MuiInputBase-input MuiInput-input"
          type="text"
          value=""
        />
      </div>
    </div>
  </div>
  <div
    class="makeStyles-infoItemWrapper-118"
  >
    <span
      class="makeStyles-infoItemLabel-119"
    >
      time_worked
    </span>
    <div
      class="MuiFormControl-root MuiTextField-root makeStyles-infoItemValue-120"
    >
      <div
        class="MuiInputBase-root MuiInput-root MuiInput-underline MuiInputBase-formControl MuiInput-formControl"
      >
        <input
          aria-invalid="false"
          class="MuiInputBase-input MuiInput-input"
          type="text"
          value=""
        />
      </div>
    </div>
  </div>
  <div
    class="makeStyles-infoItemWrapper-118"
  >
    <span
      class="makeStyles-infoItemLabel-119"
    >
      expected_start
    </span>
    <div
      class="MuiFormControl-root MuiTextField-root makeStyles-infoItemValue-120"
    >
      <div
        class="MuiInputBase-root MuiInput-root MuiInput-underline MuiInputBase-formControl MuiInput-formControl"
      >
        <input
          aria-invalid="false"
          class="MuiInputBase-input MuiInput-input"
          type="text"
          value=""
        />
      </div>
    </div>
  </div>
  <div
    class="makeStyles-infoItemWrapper-118"
  >
    <span
      class="makeStyles-infoItemLabel-119"
    >
      opened_at
    </span>
    <div
      class="MuiFormControl-root MuiTextField-root makeStyles-infoItemValue-120"
    >
      <div
        class="MuiInputBase-root MuiInput-root MuiInput-underline MuiInputBase-formControl MuiInput-formControl"
      >
        <input
          aria-invalid="false"
          class="MuiInputBase-input MuiInput-input"
          type="text"
          value="2018-12-01 15:06:52"
        />
      </div>
    </div>
  </div>
  <div
    class="makeStyles-infoItemWrapper-118"
  >
    <span
      class="makeStyles-infoItemLabel-119"
    >
      business_duration
    </span>
    <div
      class="MuiFormControl-root MuiTextField-root makeStyles-infoItemValue-120"
    >
      <div
        class="MuiInputBase-root MuiInput-root MuiInput-underline MuiInputBase-formControl MuiInput-formControl"
      >
        <input
          aria-invalid="false"
          class="MuiInputBase-input MuiInput-input"
          type="text"
          value="21 Days 15 Hours 14 Minutes"
        />
      </div>
    </div>
  </div>
  <div
    class="makeStyles-infoItemWrapper-118"
  >
    <span
      class="makeStyles-infoItemLabel-119"
    >
      group_list
    </span>
    <div
      class="MuiFormControl-root MuiTextField-root makeStyles-infoItemValue-120"
    >
      <div
        class="MuiInputBase-root MuiInput-root MuiInput-underline MuiInputBase-formControl MuiInput-formControl"
      >
        <input
          aria-invalid="false"
          class="MuiInputBase-input MuiInput-input"
          type="text"
          value=""
        />
      </div>
    </div>
  </div>
  <div
    class="makeStyles-infoItemWrapper-118"
  >
    <span
      class="makeStyles-infoItemLabel-119"
    >
      work_end
    </span>
    <div
      class="MuiFormControl-root MuiTextField-root makeStyles-infoItemValue-120"
    >
      <div
        class="MuiInputBase-root MuiInput-root MuiInput-underline MuiInputBase-formControl MuiInput-formControl"
      >
        <input
          aria-invalid="false"
          class="MuiInputBase-input MuiInput-input"
          type="text"
          value=""
        />
      </div>
    </div>
  </div>
  <div
    class="makeStyles-infoItemWrapper-118"
  >
    <span
      class="makeStyles-infoItemLabel-119"
    >
      caller_id
    </span>
    <div
      class="MuiFormControl-root MuiTextField-root makeStyles-infoItemValue-120"
    >
      <div
        class="MuiInputBase-root MuiInput-root MuiInput-underline MuiInputBase-formControl MuiInput-formControl"
      >
        <input
          aria-invalid="false"
          class="MuiInputBase-input MuiInput-input"
          type="text"
          value="Alejandro Mascall"
        />
      </div>
    </div>
  </div>
  <div
    class="makeStyles-infoItemWrapper-118"
  >
    <span
      class="makeStyles-infoItemLabel-119"
    >
      reopened_time
    </span>
    <div
      class="MuiFormControl-root MuiTextField-root makeStyles-infoItemValue-120"
    >
      <div
        class="MuiInputBase-root MuiInput-root MuiInput-underline MuiInputBase-formControl MuiInput-formControl"
      >
        <input
          aria-invalid="false"
          class="MuiInputBase-input MuiInput-input"
          type="text"
          value=""
        />
      </div>
    </div>
  </div>
  <div
    class="makeStyles-infoItemWrapper-118"
  >
    <span
      class="makeStyles-infoItemLabel-119"
    >
      resolved_at
    </span>
    <div
      class="MuiFormControl-root MuiTextField-root makeStyles-infoItemValue-120"
    >
      <div
        class="MuiInputBase-root MuiInput-root MuiInput-underline MuiInputBase-formControl MuiInput-formControl"
      >
        <input
          aria-invalid="false"
          class="MuiInputBase-input MuiInput-input"
          type="text"
          value="2019-02-28 15:14:18"
        />
      </div>
    </div>
  </div>
  <div
    class="makeStyles-infoItemWrapper-118"
  >
    <span
      class="makeStyles-infoItemLabel-119"
    >
      approval_set
    </span>
    <div
      class="MuiFormControl-root MuiTextField-root makeStyles-infoItemValue-120"
    >
      <div
        class="MuiInputBase-root MuiInput-root MuiInput-underline MuiInputBase-formControl MuiInput-formControl"
      >
        <input
          aria-invalid="false"
          class="MuiInputBase-input MuiInput-input"
          type="text"
          value=""
        />
      </div>
    </div>
  </div>
  <div
    class="makeStyles-infoItemWrapper-118"
  >
    <span
      class="makeStyles-infoItemLabel-119"
    >
      subcategory
    </span>
    <div
      class="MuiFormControl-root MuiTextField-root makeStyles-infoItemValue-120"
    >
      <div
        class="MuiInputBase-root MuiInput-root MuiInput-underline MuiInputBase-formControl MuiInput-formControl"
      >
        <input
          aria-invalid="false"
          class="MuiInputBase-input MuiInput-input"
          type="text"
          value="null"
        />
      </div>
    </div>
  </div>
  <div
    class="makeStyles-infoItemWrapper-118"
  >
    <span
      class="makeStyles-infoItemLabel-119"
    >
      work_notes
    </span>
    <div
      class="MuiFormControl-root MuiTextField-root makeStyles-infoItemValue-120"
    >
      <div
        class="MuiInputBase-root MuiInput-root MuiInput-underline MuiInputBase-formControl MuiInput-formControl"
      >
        <input
          aria-invalid="false"
          class="MuiInputBase-input MuiInput-input"
          type="text"
          value="2019-02-28 13:17:01 - System Administrator (Work notes)
test

"
        />
      </div>
    </div>
  </div>
  <div
    class="makeStyles-infoItemWrapper-118"
  >
    <span
      class="makeStyles-infoItemLabel-119"
    >
      toggle_code
    </span>
    <div
      class="MuiFormControl-root MuiTextField-root makeStyles-infoItemValue-120"
    >
      <div
        class="MuiInputBase-root MuiInput-root MuiInput-underline MuiInputBase-formControl MuiInput-formControl"
      >
        <input
          aria-invalid="false"
          class="MuiInputBase-input MuiInput-input"
          type="text"
          value="toggled/Resolved by Caller"
        />
      </div>
    </div>
  </div>
  <div
    class="makeStyles-infoItemWrapper-118"
  >
    <span
      class="makeStyles-infoItemLabel-119"
    >
      correlation_display
    </span>
    <div
      class="MuiFormControl-root MuiTextField-root makeStyles-infoItemValue-120"
    >
      <div
        class="MuiInputBase-root MuiInput-root MuiInput-underline MuiInputBase-formControl MuiInput-formControl"
      >
        <input
          aria-invalid="false"
          class="MuiInputBase-input MuiInput-input"
          type="text"
          value=""
        />
      </div>
    </div>
  </div>
  <div
    class="makeStyles-infoItemWrapper-118"
  >
    <span
      class="makeStyles-infoItemLabel-119"
    >
      delivery_task
    </span>
    <div
      class="MuiFormControl-root MuiTextField-root makeStyles-infoItemValue-120"
    >
      <div
        class="MuiInputBase-root MuiInput-root MuiInput-underline MuiInputBase-formControl MuiInput-formControl"
      >
        <input
          aria-invalid="false"
          class="MuiInputBase-input MuiInput-input"
          type="text"
          value=""
        />
      </div>
    </div>
  </div>
  <div
    class="makeStyles-infoItemWrapper-118"
  >
    <span
      class="makeStyles-infoItemLabel-119"
    >
      work_start
    </span>
    <div
      class="MuiFormControl-root MuiTextField-root makeStyles-infoItemValue-120"
    >
      <div
        class="MuiInputBase-root MuiInput-root MuiInput-underline MuiInputBase-formControl MuiInput-formControl"
      >
        <input
          aria-invalid="false"
          class="MuiInputBase-input MuiInput-input"
          type="text"
          value=""
        />
      </div>
    </div>
  </div>
  <div
    class="makeStyles-infoItemWrapper-118"
  >
    <span
      class="makeStyles-infoItemLabel-119"
    >
      additional_assignee_list
    </span>
    <div
      class="MuiFormControl-root MuiTextField-root makeStyles-infoItemValue-120"
    >
      <div
        class="MuiInputBase-root MuiInput-root MuiInput-underline MuiInputBase-formControl MuiInput-formControl"
      >
        <input
          aria-invalid="false"
          class="MuiInputBase-input MuiInput-input"
          type="text"
          value=""
        />
      </div>
    </div>
  </div>
  <div
    class="makeStyles-infoItemWrapper-118"
  >
    <span
      class="makeStyles-infoItemLabel-119"
    >
      business_stc
    </span>
    <div
      class="MuiFormControl-root MuiTextField-root makeStyles-infoItemValue-120"
    >
      <div
        class="MuiInputBase-root MuiInput-root MuiInput-underline MuiInputBase-formControl MuiInput-formControl"
      >
        <input
          aria-invalid="false"
          class="MuiInputBase-input MuiInput-input"
          type="text"
          value="1,869,258"
        />
      </div>
    </div>
  </div>
  <div
    class="makeStyles-infoItemWrapper-118"
  >
    <span
      class="makeStyles-infoItemLabel-119"
    >
      description
    </span>
    <div
      class="MuiFormControl-root MuiTextField-root makeStyles-infoItemValue-120"
    >
      <div
        class="MuiInputBase-root MuiInput-root MuiInput-underline MuiInputBase-formControl MuiInput-formControl"
      >
        <input
          aria-invalid="false"
          class="MuiInputBase-input MuiInput-input"
          type="text"
          value="Watcher daemon detected that the CPU was 100% busy for more than 10 minutes"
        />
      </div>
    </div>
  </div>
  <div
    class="makeStyles-infoItemWrapper-118"
  >
    <span
      class="makeStyles-infoItemLabel-119"
    >
      calendar_duration
    </span>
    <div
      class="MuiFormControl-root MuiTextField-root makeStyles-infoItemValue-120"
    >
      <div
        class="MuiInputBase-root MuiInput-root MuiInput-underline MuiInputBase-formControl MuiInput-formControl"
      >
        <input
          aria-invalid="false"
          class="MuiInputBase-input MuiInput-input"
          type="text"
          value="89 Days 7 Minutes"
        />
      </div>
    </div>
  </div>
  <div
    class="makeStyles-infoItemWrapper-118"
  >
    <span
      class="makeStyles-infoItemLabel-119"
    >
      toggle_notes
    </span>
    <div
      class="MuiFormControl-root MuiTextField-root makeStyles-infoItemValue-120"
    >
      <div
        class="MuiInputBase-root MuiInput-root MuiInput-underline MuiInputBase-formControl MuiInput-formControl"
      >
        <input
          aria-invalid="false"
          class="MuiInputBase-input MuiInput-input"
          type="text"
          value="Fixed"
        />
      </div>
    </div>
  </div>
  <div
    class="makeStyles-infoItemWrapper-118"
  >
    <span
      class="makeStyles-infoItemLabel-119"
    >
      notify
    </span>
    <div
      class="MuiFormControl-root MuiTextField-root makeStyles-infoItemValue-120"
    >
      <div
        class="MuiInputBase-root MuiInput-root MuiInput-underline MuiInputBase-formControl MuiInput-formControl"
      >
        <input
          aria-invalid="false"
          class="MuiInputBase-input MuiInput-input"
          type="text"
          value="Do Not Notify"
        />
      </div>
    </div>
  </div>
  <div
    class="makeStyles-infoItemWrapper-118"
  >
    <span
      class="makeStyles-infoItemLabel-119"
    >
      sys_class_name
    </span>
    <div
      class="MuiFormControl-root MuiTextField-root makeStyles-infoItemValue-120"
    >
      <div
        class="MuiInputBase-root MuiInput-root MuiInput-underline MuiInputBase-formControl MuiInput-formControl"
      >
        <input
          aria-invalid="false"
          class="MuiInputBase-input MuiInput-input"
          type="text"
          value="Incident"
        />
      </div>
    </div>
  </div>
  <div
    class="makeStyles-infoItemWrapper-118"
  >
    <span
      class="makeStyles-infoItemLabel-119"
    >
      toggled_by
    </span>
    <div
      class="MuiFormControl-root MuiTextField-root makeStyles-infoItemValue-120"
    >
      <div
        class="MuiInputBase-root MuiInput-root MuiInput-underline MuiInputBase-formControl MuiInput-formControl"
      >
        <input
          aria-invalid="false"
          class="MuiInputBase-input MuiInput-input"
          type="text"
          value="System Administrator"
        />
      </div>
    </div>
  </div>
  <div
    class="makeStyles-infoItemWrapper-118"
  >
    <span
      class="makeStyles-infoItemLabel-119"
    >
      follow_up
    </span>
    <div
      class="MuiFormControl-root MuiTextField-root makeStyles-infoItemValue-120"
    >
      <div
        class="MuiInputBase-root MuiInput-root MuiInput-underline MuiInputBase-formControl MuiInput-formControl"
      >
        <input
          aria-invalid="false"
          class="MuiInputBase-input MuiInput-input"
          type="text"
          value=""
        />
      </div>
    </div>
  </div>
  <div
    class="makeStyles-infoItemWrapper-118"
  >
    <span
      class="makeStyles-infoItemLabel-119"
    >
      parent_incident
    </span>
    <div
      class="MuiFormControl-root MuiTextField-root makeStyles-infoItemValue-120"
    >
      <div
        class="MuiInputBase-root MuiInput-root MuiInput-underline MuiInputBase-formControl MuiInput-formControl"
      >
        <input
          aria-invalid="false"
          class="MuiInputBase-input MuiInput-input"
          type="text"
          value=""
        />
      </div>
    </div>
  </div>
  <div
    class="makeStyles-infoItemWrapper-118"
  >
    <span
      class="makeStyles-infoItemLabel-119"
    >
      contact_type
    </span>
    <div
      class="MuiFormControl-root MuiTextField-root makeStyles-infoItemValue-120"
    >
      <div
        class="MuiInputBase-root MuiInput-root MuiInput-underline MuiInputBase-formControl MuiInput-formControl"
      >
        <input
          aria-invalid="false"
          class="MuiInputBase-input MuiInput-input"
          type="text"
          value="Email"
        />
      </div>
    </div>
  </div>
  <div
    class="makeStyles-infoItemWrapper-118"
  >
    <span
      class="makeStyles-infoItemLabel-119"
    >
      reopened_by
    </span>
    <div
      class="MuiFormControl-root MuiTextField-root makeStyles-infoItemValue-120"
    >
      <div
        class="MuiInputBase-root MuiInput-root MuiInput-underline MuiInputBase-formControl MuiInput-formControl"
      >
        <input
          aria-invalid="false"
          class="MuiInputBase-input MuiInput-input"
          type="text"
          value=""
        />
      </div>
    </div>
  </div>
  <div
    class="makeStyles-infoItemWrapper-118"
  >
    <span
      class="makeStyles-infoItemLabel-119"
    >
      urgency
    </span>
    <div
      class="MuiFormControl-root MuiTextField-root makeStyles-infoItemValue-120"
    >
      <div
        class="MuiInputBase-root MuiInput-root MuiInput-underline MuiInputBase-formControl MuiInput-formControl"
      >
        <input
          aria-invalid="false"
          class="MuiInputBase-input MuiInput-input"
          type="text"
          value="1 - High"
        />
      </div>
    </div>
  </div>
  <div
    class="makeStyles-infoItemWrapper-118"
  >
    <span
      class="makeStyles-infoItemLabel-119"
    >
      problem_id
    </span>
    <div
      class="MuiFormControl-root MuiTextField-root makeStyles-infoItemValue-120"
    >
      <div
        class="MuiInputBase-root MuiInput-root MuiInput-underline MuiInputBase-formControl MuiInput-formControl"
      >
        <input
          aria-invalid="false"
          class="MuiInputBase-input MuiInput-input"
          type="text"
          value=""
        />
      </div>
    </div>
  </div>
  <div
    class="makeStyles-infoItemWrapper-118"
  >
    <span
      class="makeStyles-infoItemLabel-119"
    >
      company
    </span>
    <div
      class="MuiFormControl-root MuiTextField-root makeStyles-infoItemValue-120"
    >
      <div
        class="MuiInputBase-root MuiInput-root MuiInput-underline MuiInputBase-formControl MuiInput-formControl"
      >
        <input
          aria-invalid="false"
          class="MuiInputBase-input MuiInput-input"
          type="text"
          value="ACME Germany"
        />
      </div>
    </div>
  </div>
  <div
    class="makeStyles-infoItemWrapper-118"
  >
    <span
      class="makeStyles-infoItemLabel-119"
    >
      reassignment_count
    </span>
    <div
      class="MuiFormControl-root MuiTextField-root makeStyles-infoItemValue-120"
    >
      <div
        class="MuiInputBase-root MuiInput-root MuiInput-underline MuiInputBase-formControl MuiInput-formControl"
      >
        <input
          aria-invalid="false"
          class="MuiInputBase-input MuiInput-input"
          type="text"
          value="1"
        />
      </div>
    </div>
  </div>
  <div
    class="makeStyles-infoItemWrapper-118"
  >
    <span
      class="makeStyles-infoItemLabel-119"
    >
      activity_due
    </span>
    <div
      class="MuiFormControl-root MuiTextField-root makeStyles-infoItemValue-120"
    >
      <div
        class="MuiInputBase-root MuiInput-root MuiInput-underline MuiInputBase-formControl MuiInput-formControl"
      >
        <input
          aria-invalid="false"
          class="MuiInputBase-input MuiInput-input"
          type="text"
          value="2019-02-28 15:17:01"
        />
      </div>
    </div>
  </div>
  <div
    class="makeStyles-infoItemWrapper-118"
  >
    <span
      class="makeStyles-infoItemLabel-119"
    >
      severity
    </span>
    <div
      class="MuiFormControl-root MuiTextField-root makeStyles-infoItemValue-120"
    >
      <div
        class="MuiInputBase-root MuiInput-root MuiInput-underline MuiInputBase-formControl MuiInput-formControl"
      >
        <input
          aria-invalid="false"
          class="MuiInputBase-input MuiInput-input"
          type="text"
          value="1 - High"
        />
      </div>
    </div>
  </div>
  <div
    class="makeStyles-infoItemWrapper-118"
  >
    <span
      class="makeStyles-infoItemLabel-119"
    >
      comments
    </span>
    <div
      class="MuiFormControl-root MuiTextField-root makeStyles-infoItemValue-120"
    >
      <div
        class="MuiInputBase-root MuiInput-root MuiInput-underline MuiInputBase-formControl MuiInput-formControl"
      >
        <input
          aria-invalid="false"
          class="MuiInputBase-input MuiInput-input"
          type="text"
          value=""
        />
      </div>
    </div>
  </div>
  <div
    class="makeStyles-infoItemWrapper-118"
  >
    <span
      class="makeStyles-infoItemLabel-119"
    >
      approval
    </span>
    <div
      class="MuiFormControl-root MuiTextField-root makeStyles-infoItemValue-120"
    >
      <div
        class="MuiInputBase-root MuiInput-root MuiInput-underline MuiInputBase-formControl MuiInput-formControl"
      >
        <input
          aria-invalid="false"
          class="MuiInputBase-input MuiInput-input"
          type="text"
          value="null"
        />
      </div>
    </div>
  </div>
  <div
    class="makeStyles-infoItemWrapper-118"
  >
    <span
      class="makeStyles-infoItemLabel-119"
    >
      sla_due
    </span>
    <div
      class="MuiFormControl-root MuiTextField-root makeStyles-infoItemValue-120"
    >
      <div
        class="MuiInputBase-root MuiInput-root MuiInput-underline MuiInputBase-formControl MuiInput-formControl"
      >
        <input
          aria-invalid="false"
          class="MuiInputBase-input MuiInput-input"
          type="text"
          value="UNKNOWN"
        />
      </div>
    </div>
  </div>
  <div
    class="makeStyles-infoItemWrapper-118"
  >
    <span
      class="makeStyles-infoItemLabel-119"
    >
      comments_and_work_notes
    </span>
    <div
      class="MuiFormControl-root MuiTextField-root makeStyles-infoItemValue-120"
    >
      <div
        class="MuiInputBase-root MuiInput-root MuiInput-underline MuiInputBase-formControl MuiInput-formControl"
      >
        <input
          aria-invalid="false"
          class="MuiInputBase-input MuiInput-input"
          type="text"
          value="2019-02-28 13:17:01 - System Administrator (Work notes)
test

"
        />
      </div>
    </div>
  </div>
  <div
    class="makeStyles-infoItemWrapper-118"
  >
    <span
      class="makeStyles-infoItemLabel-119"
    >
      due_date
    </span>
    <div
      class="MuiFormControl-root MuiTextField-root makeStyles-infoItemValue-120"
    >
      <div
        class="MuiInputBase-root MuiInput-root MuiInput-underline MuiInputBase-formControl MuiInput-formControl"
      >
        <input
          aria-invalid="false"
          class="MuiInputBase-input MuiInput-input"
          type="text"
          value=""
        />
      </div>
    </div>
  </div>
  <div
    class="makeStyles-infoItemWrapper-118"
  >
    <span
      class="makeStyles-infoItemLabel-119"
    >
      sys_mod_count
    </span>
    <div
      class="MuiFormControl-root MuiTextField-root makeStyles-infoItemValue-120"
    >
      <div
        class="MuiInputBase-root MuiInput-root MuiInput-underline MuiInputBase-formControl MuiInput-formControl"
      >
        <input
          aria-invalid="false"
          class="MuiInputBase-input MuiInput-input"
          type="text"
          value="15"
        />
      </div>
    </div>
  </div>
  <div
    class="makeStyles-infoItemWrapper-118"
  >
    <span
      class="makeStyles-infoItemLabel-119"
    >
      reopen_count
    </span>
    <div
      class="MuiFormControl-root MuiTextField-root makeStyles-infoItemValue-120"
    >
      <div
        class="MuiInputBase-root MuiInput-root MuiInput-underline MuiInputBase-formControl MuiInput-formControl"
      >
        <input
          aria-invalid="false"
          class="MuiInputBase-input MuiInput-input"
          type="text"
          value=""
        />
      </div>
    </div>
  </div>
  <div
    class="makeStyles-infoItemWrapper-118"
  >
    <span
      class="makeStyles-infoItemLabel-119"
    >
      sys_tags
    </span>
    <div
      class="MuiFormControl-root MuiTextField-root makeStyles-infoItemValue-120"
    >
      <div
        class="MuiInputBase-root MuiInput-root MuiInput-underline MuiInputBase-formControl MuiInput-formControl"
      >
        <input
          aria-invalid="false"
          class="MuiInputBase-input MuiInput-input"
          type="text"
          value=""
        />
      </div>
    </div>
  </div>
  <div
    class="makeStyles-infoItemWrapper-118"
  >
    <span
      class="makeStyles-infoItemLabel-119"
    >
      escalation
    </span>
    <div
      class="MuiFormControl-root MuiTextField-root makeStyles-infoItemValue-120"
    >
      <div
        class="MuiInputBase-root MuiInput-root MuiInput-underline MuiInputBase-formControl MuiInput-formControl"
      >
        <input
          aria-invalid="false"
          class="MuiInputBase-input MuiInput-input"
          type="text"
          value="Overdue"
        />
      </div>
    </div>
  </div>
  <div
    class="makeStyles-infoItemWrapper-118"
  >
    <span
      class="makeStyles-infoItemLabel-119"
    >
      upon_approval
    </span>
    <div
      class="MuiFormControl-root MuiTextField-root makeStyles-infoItemValue-120"
    >
      <div
        class="MuiInputBase-root MuiInput-root MuiInput-underline MuiInputBase-formControl MuiInput-formControl"
      >
        <input
          aria-invalid="false"
          class="MuiInputBase-input MuiInput-input"
          type="text"
          value="null"
        />
      </div>
    </div>
  </div>
  <div
    class="makeStyles-infoItemWrapper-118"
  >
    <span
      class="makeStyles-infoItemLabel-119"
    >
      location
    </span>
    <div
      class="MuiFormControl-root MuiTextField-root makeStyles-infoItemValue-120"
    >
      <div
        class="MuiInputBase-root MuiInput-root MuiInput-underline MuiInputBase-formControl MuiInput-formControl"
      >
        <input
          aria-invalid="false"
          class="MuiInputBase-input MuiInput-input"
          type="text"
          value="Bockenheimer Landstraße 223, Frankfurt"
        />
      </div>
    </div>
  </div>
  <div
    class="makeStyles-infoItemWrapper-118"
  >
    <span
      class="makeStyles-infoItemLabel-119"
    >
      category
    </span>
    <div
      class="MuiFormControl-root MuiTextField-root makeStyles-infoItemValue-120"
    >
      <div
        class="MuiInputBase-root MuiInput-root MuiInput-underline MuiInputBase-formControl MuiInput-formControl"
      >
        <input
          aria-invalid="false"
          class="MuiInputBase-input MuiInput-input"
          type="text"
          value="Hardware"
        />
      </div>
    </div>
  </div>
</div>
`;
