// Jest Snapshot v1, https://goo.gl/fbAQLP

exports[`Drawer Component renders Drawer with service data 1`] = `
<div
  class="PrivateSwipeArea-root-76 PrivateSwipeArea-anchorRight-78"
  style="width: 20px;"
/>
`;

exports[`DrawerContent Component renders Drawer with service data 1`] = `
<div
  class="makeStyles-contentWrapper-81"
>
  <h2
    class="MuiTypography-root MuiTypography-h2"
  >
    INCXXXX
  </h2>
  <div
    class="makeStyles-infoItemWrapper-82"
  >
    <span
      class="makeStyles-infoItemLabel-83"
    >
      parent
    </span>
    <span
      class="makeStyles-infoItemValue-84"
    />
  </div>
  <div
    class="makeStyles-infoItemWrapper-82"
  >
    <span
      class="makeStyles-infoItemLabel-83"
    >
      made_sla
    </span>
    <span
      class="makeStyles-infoItemValue-84"
    >
      false
    </span>
  </div>
  <div
    class="makeStyles-infoItemWrapper-82"
  >
    <span
      class="makeStyles-infoItemLabel-83"
    >
      caused_by
    </span>
    <span
      class="makeStyles-infoItemValue-84"
    />
  </div>
  <div
    class="makeStyles-infoItemWrapper-82"
  >
    <span
      class="makeStyles-infoItemLabel-83"
    >
      watch_list
    </span>
    <span
      class="makeStyles-infoItemValue-84"
    />
  </div>
  <div
    class="makeStyles-infoItemWrapper-82"
  >
    <span
      class="makeStyles-infoItemLabel-83"
    >
      upon_reject
    </span>
    <span
      class="makeStyles-infoItemValue-84"
    >
      null
    </span>
  </div>
  <div
    class="makeStyles-infoItemWrapper-82"
  >
    <span
      class="makeStyles-infoItemLabel-83"
    >
      child_incidents
    </span>
    <span
      class="makeStyles-infoItemValue-84"
    />
  </div>
  <div
    class="makeStyles-infoItemWrapper-82"
  >
    <span
      class="makeStyles-infoItemLabel-83"
    >
      hold_reason
    </span>
    <span
      class="makeStyles-infoItemValue-84"
    />
  </div>
  <div
    class="makeStyles-infoItemWrapper-82"
  >
    <span
      class="makeStyles-infoItemLabel-83"
    >
      approval_history
    </span>
    <span
      class="makeStyles-infoItemValue-84"
    />
  </div>
  <div
    class="makeStyles-infoItemWrapper-82"
  >
    <span
      class="makeStyles-infoItemLabel-83"
    >
      resolved_by
    </span>
    <span
      class="makeStyles-infoItemValue-84"
    >
      System Administrator
    </span>
  </div>
  <div
    class="makeStyles-infoItemWrapper-82"
  >
    <span
      class="makeStyles-infoItemLabel-83"
    >
      sys_updated_by
    </span>
    <span
      class="makeStyles-infoItemValue-84"
    >
      system
    </span>
  </div>
  <div
    class="makeStyles-infoItemWrapper-82"
  >
    <span
      class="makeStyles-infoItemLabel-83"
    >
      opened_by
    </span>
    <span
      class="makeStyles-infoItemValue-84"
    >
      System Administrator
    </span>
  </div>
  <div
    class="makeStyles-infoItemWrapper-82"
  >
    <span
      class="makeStyles-infoItemLabel-83"
    >
      user_input
    </span>
    <span
      class="makeStyles-infoItemValue-84"
    />
  </div>
  <div
    class="makeStyles-infoItemWrapper-82"
  >
    <span
      class="makeStyles-infoItemLabel-83"
    >
      sys_created_on
    </span>
    <span
      class="makeStyles-infoItemValue-84"
    >
      2017-07-10 15:14:01
    </span>
  </div>
  <div
    class="makeStyles-infoItemWrapper-82"
  >
    <span
      class="makeStyles-infoItemLabel-83"
    >
      sys_domain
    </span>
    <span
      class="makeStyles-infoItemValue-84"
    >
      global
    </span>
  </div>
  <div
    class="makeStyles-infoItemWrapper-82"
  >
    <span
      class="makeStyles-infoItemLabel-83"
    >
      state
    </span>
    <span
      class="makeStyles-infoItemValue-84"
    >
      Closed
    </span>
  </div>
  <div
    class="makeStyles-infoItemWrapper-82"
  >
    <span
      class="makeStyles-infoItemLabel-83"
    >
      sys_created_by
    </span>
    <span
      class="makeStyles-infoItemValue-84"
    >
      admin
    </span>
  </div>
  <div
    class="makeStyles-infoItemWrapper-82"
  >
    <span
      class="makeStyles-infoItemLabel-83"
    >
      knowledge
    </span>
    <span
      class="makeStyles-infoItemValue-84"
    >
      false
    </span>
  </div>
  <div
    class="makeStyles-infoItemWrapper-82"
  >
    <span
      class="makeStyles-infoItemLabel-83"
    >
      order
    </span>
    <span
      class="makeStyles-infoItemValue-84"
    />
  </div>
  <div
    class="makeStyles-infoItemWrapper-82"
  >
    <span
      class="makeStyles-infoItemLabel-83"
    >
      calendar_stc
    </span>
    <span
      class="makeStyles-infoItemValue-84"
    >
      7,690,046
    </span>
  </div>
  <div
    class="makeStyles-infoItemWrapper-82"
  >
    <span
      class="makeStyles-infoItemLabel-83"
    >
      closed_at
    </span>
    <span
      class="makeStyles-infoItemValue-84"
    >
      2019-05-27 12:56:17
    </span>
  </div>
  <div
    class="makeStyles-infoItemWrapper-82"
  >
    <span
      class="makeStyles-infoItemLabel-83"
    >
      cmdb_ci
    </span>
    <span
      class="makeStyles-infoItemValue-84"
    >
      ApplicationServerPeopleSoft
    </span>
  </div>
  <div
    class="makeStyles-infoItemWrapper-82"
  >
    <span
      class="makeStyles-infoItemLabel-83"
    >
      delivery_plan
    </span>
    <span
      class="makeStyles-infoItemValue-84"
    />
  </div>
  <div
    class="makeStyles-infoItemWrapper-82"
  >
    <span
      class="makeStyles-infoItemLabel-83"
    >
      impact
    </span>
    <span
      class="makeStyles-infoItemValue-84"
    >
      1 - High
    </span>
  </div>
  <div
    class="makeStyles-infoItemWrapper-82"
  >
    <span
      class="makeStyles-infoItemLabel-83"
    >
      active
    </span>
    <span
      class="makeStyles-infoItemValue-84"
    >
      false
    </span>
  </div>
  <div
    class="makeStyles-infoItemWrapper-82"
  >
    <span
      class="makeStyles-infoItemLabel-83"
    >
      work_notes_list
    </span>
    <span
      class="makeStyles-infoItemValue-84"
    />
  </div>
  <div
    class="makeStyles-infoItemWrapper-82"
  >
    <span
      class="makeStyles-infoItemLabel-83"
    >
      business_service
    </span>
    <span
      class="makeStyles-infoItemValue-84"
    />
  </div>
  <div
    class="makeStyles-infoItemWrapper-82"
  >
    <span
      class="makeStyles-infoItemLabel-83"
    >
      priority
    </span>
    <span
      class="makeStyles-infoItemValue-84"
    >
      1 - Critical
    </span>
  </div>
  <div
    class="makeStyles-infoItemWrapper-82"
  >
    <span
      class="makeStyles-infoItemLabel-83"
    >
      sys_domain_path
    </span>
    <span
      class="makeStyles-infoItemValue-84"
    >
      /
    </span>
  </div>
  <div
    class="makeStyles-infoItemWrapper-82"
  >
    <span
      class="makeStyles-infoItemLabel-83"
    >
      rfc
    </span>
    <span
      class="makeStyles-infoItemValue-84"
    />
  </div>
  <div
    class="makeStyles-infoItemWrapper-82"
  >
    <span
      class="makeStyles-infoItemLabel-83"
    >
      time_worked
    </span>
    <span
      class="makeStyles-infoItemValue-84"
    />
  </div>
  <div
    class="makeStyles-infoItemWrapper-82"
  >
    <span
      class="makeStyles-infoItemLabel-83"
    >
      expected_start
    </span>
    <span
      class="makeStyles-infoItemValue-84"
    />
  </div>
  <div
    class="makeStyles-infoItemWrapper-82"
  >
    <span
      class="makeStyles-infoItemLabel-83"
    >
      opened_at
    </span>
    <span
      class="makeStyles-infoItemValue-84"
    >
      2018-12-01 15:06:52
    </span>
  </div>
  <div
    class="makeStyles-infoItemWrapper-82"
  >
    <span
      class="makeStyles-infoItemLabel-83"
    >
      business_duration
    </span>
    <span
      class="makeStyles-infoItemValue-84"
    >
      21 Days 15 Hours 14 Minutes
    </span>
  </div>
  <div
    class="makeStyles-infoItemWrapper-82"
  >
    <span
      class="makeStyles-infoItemLabel-83"
    >
      group_list
    </span>
    <span
      class="makeStyles-infoItemValue-84"
    />
  </div>
  <div
    class="makeStyles-infoItemWrapper-82"
  >
    <span
      class="makeStyles-infoItemLabel-83"
    >
      work_end
    </span>
    <span
      class="makeStyles-infoItemValue-84"
    />
  </div>
  <div
    class="makeStyles-infoItemWrapper-82"
  >
    <span
      class="makeStyles-infoItemLabel-83"
    >
      caller_id
    </span>
    <span
      class="makeStyles-infoItemValue-84"
    >
      Alejandro Mascall
    </span>
  </div>
  <div
    class="makeStyles-infoItemWrapper-82"
  >
    <span
      class="makeStyles-infoItemLabel-83"
    >
      reopened_time
    </span>
    <span
      class="makeStyles-infoItemValue-84"
    />
  </div>
  <div
    class="makeStyles-infoItemWrapper-82"
  >
    <span
      class="makeStyles-infoItemLabel-83"
    >
      resolved_at
    </span>
    <span
      class="makeStyles-infoItemValue-84"
    >
      2019-02-28 15:14:18
    </span>
  </div>
  <div
    class="makeStyles-infoItemWrapper-82"
  >
    <span
      class="makeStyles-infoItemLabel-83"
    >
      approval_set
    </span>
    <span
      class="makeStyles-infoItemValue-84"
    />
  </div>
  <div
    class="makeStyles-infoItemWrapper-82"
  >
    <span
      class="makeStyles-infoItemLabel-83"
    >
      subcategory
    </span>
    <span
      class="makeStyles-infoItemValue-84"
    >
      null
    </span>
  </div>
  <div
    class="makeStyles-infoItemWrapper-82"
  >
    <span
      class="makeStyles-infoItemLabel-83"
    >
      work_notes
    </span>
    <span
      class="makeStyles-infoItemValue-84"
    >
      2019-02-28 13:17:01 - System Administrator (Work notes)
test


    </span>
  </div>
  <div
    class="makeStyles-infoItemWrapper-82"
  >
    <span
      class="makeStyles-infoItemLabel-83"
    >
      close_code
    </span>
    <span
      class="makeStyles-infoItemValue-84"
    >
      Closed/Resolved by Caller
    </span>
  </div>
  <div
    class="makeStyles-infoItemWrapper-82"
  >
    <span
      class="makeStyles-infoItemLabel-83"
    >
      correlation_display
    </span>
    <span
      class="makeStyles-infoItemValue-84"
    />
  </div>
  <div
    class="makeStyles-infoItemWrapper-82"
  >
    <span
      class="makeStyles-infoItemLabel-83"
    >
      delivery_task
    </span>
    <span
      class="makeStyles-infoItemValue-84"
    />
  </div>
  <div
    class="makeStyles-infoItemWrapper-82"
  >
    <span
      class="makeStyles-infoItemLabel-83"
    >
      work_start
    </span>
    <span
      class="makeStyles-infoItemValue-84"
    />
  </div>
  <div
    class="makeStyles-infoItemWrapper-82"
  >
    <span
      class="makeStyles-infoItemLabel-83"
    >
      additional_assignee_list
    </span>
    <span
      class="makeStyles-infoItemValue-84"
    />
  </div>
  <div
    class="makeStyles-infoItemWrapper-82"
  >
    <span
      class="makeStyles-infoItemLabel-83"
    >
      business_stc
    </span>
    <span
      class="makeStyles-infoItemValue-84"
    >
      1,869,258
    </span>
  </div>
  <div
    class="makeStyles-infoItemWrapper-82"
  >
    <span
      class="makeStyles-infoItemLabel-83"
    >
      description
    </span>
    <span
      class="makeStyles-infoItemValue-84"
    >
      Watcher daemon detected that the CPU was 100% busy for more than 10 minutes
    </span>
  </div>
  <div
    class="makeStyles-infoItemWrapper-82"
  >
    <span
      class="makeStyles-infoItemLabel-83"
    >
      calendar_duration
    </span>
    <span
      class="makeStyles-infoItemValue-84"
    >
      89 Days 7 Minutes
    </span>
  </div>
  <div
    class="makeStyles-infoItemWrapper-82"
  >
    <span
      class="makeStyles-infoItemLabel-83"
    >
      close_notes
    </span>
    <span
      class="makeStyles-infoItemValue-84"
    >
      Fixed
    </span>
  </div>
  <div
    class="makeStyles-infoItemWrapper-82"
  >
    <span
      class="makeStyles-infoItemLabel-83"
    >
      notify
    </span>
    <span
      class="makeStyles-infoItemValue-84"
    >
      Do Not Notify
    </span>
  </div>
  <div
    class="makeStyles-infoItemWrapper-82"
  >
    <span
      class="makeStyles-infoItemLabel-83"
    >
      sys_class_name
    </span>
    <span
      class="makeStyles-infoItemValue-84"
    >
      Incident
    </span>
  </div>
  <div
    class="makeStyles-infoItemWrapper-82"
  >
    <span
      class="makeStyles-infoItemLabel-83"
    >
      closed_by
    </span>
    <span
      class="makeStyles-infoItemValue-84"
    >
      System Administrator
    </span>
  </div>
  <div
    class="makeStyles-infoItemWrapper-82"
  >
    <span
      class="makeStyles-infoItemLabel-83"
    >
      follow_up
    </span>
    <span
      class="makeStyles-infoItemValue-84"
    />
  </div>
  <div
    class="makeStyles-infoItemWrapper-82"
  >
    <span
      class="makeStyles-infoItemLabel-83"
    >
      parent_incident
    </span>
    <span
      class="makeStyles-infoItemValue-84"
    />
  </div>
  <div
    class="makeStyles-infoItemWrapper-82"
  >
    <span
      class="makeStyles-infoItemLabel-83"
    >
      contact_type
    </span>
    <span
      class="makeStyles-infoItemValue-84"
    >
      Email
    </span>
  </div>
  <div
    class="makeStyles-infoItemWrapper-82"
  >
    <span
      class="makeStyles-infoItemLabel-83"
    >
      reopened_by
    </span>
    <span
      class="makeStyles-infoItemValue-84"
    />
  </div>
  <div
    class="makeStyles-infoItemWrapper-82"
  >
    <span
      class="makeStyles-infoItemLabel-83"
    >
      urgency
    </span>
    <span
      class="makeStyles-infoItemValue-84"
    >
      1 - High
    </span>
  </div>
  <div
    class="makeStyles-infoItemWrapper-82"
  >
    <span
      class="makeStyles-infoItemLabel-83"
    >
      problem_id
    </span>
    <span
      class="makeStyles-infoItemValue-84"
    />
  </div>
  <div
    class="makeStyles-infoItemWrapper-82"
  >
    <span
      class="makeStyles-infoItemLabel-83"
    >
      company
    </span>
    <span
      class="makeStyles-infoItemValue-84"
    >
      ACME Germany
    </span>
  </div>
  <div
    class="makeStyles-infoItemWrapper-82"
  >
    <span
      class="makeStyles-infoItemLabel-83"
    >
      reassignment_count
    </span>
    <span
      class="makeStyles-infoItemValue-84"
    >
      1
    </span>
  </div>
  <div
    class="makeStyles-infoItemWrapper-82"
  >
    <span
      class="makeStyles-infoItemLabel-83"
    >
      activity_due
    </span>
    <span
      class="makeStyles-infoItemValue-84"
    >
      2019-02-28 15:17:01
    </span>
  </div>
  <div
    class="makeStyles-infoItemWrapper-82"
  >
    <span
      class="makeStyles-infoItemLabel-83"
    >
      severity
    </span>
    <span
      class="makeStyles-infoItemValue-84"
    >
      1 - High
    </span>
  </div>
  <div
    class="makeStyles-infoItemWrapper-82"
  >
    <span
      class="makeStyles-infoItemLabel-83"
    >
      comments
    </span>
    <span
      class="makeStyles-infoItemValue-84"
    />
  </div>
  <div
    class="makeStyles-infoItemWrapper-82"
  >
    <span
      class="makeStyles-infoItemLabel-83"
    >
      approval
    </span>
    <span
      class="makeStyles-infoItemValue-84"
    >
      null
    </span>
  </div>
  <div
    class="makeStyles-infoItemWrapper-82"
  >
    <span
      class="makeStyles-infoItemLabel-83"
    >
      sla_due
    </span>
    <span
      class="makeStyles-infoItemValue-84"
    >
      UNKNOWN
    </span>
  </div>
  <div
    class="makeStyles-infoItemWrapper-82"
  >
    <span
      class="makeStyles-infoItemLabel-83"
    >
      comments_and_work_notes
    </span>
    <span
      class="makeStyles-infoItemValue-84"
    >
      2019-02-28 13:17:01 - System Administrator (Work notes)
test


    </span>
  </div>
  <div
    class="makeStyles-infoItemWrapper-82"
  >
    <span
      class="makeStyles-infoItemLabel-83"
    >
      due_date
    </span>
    <span
      class="makeStyles-infoItemValue-84"
    />
  </div>
  <div
    class="makeStyles-infoItemWrapper-82"
  >
    <span
      class="makeStyles-infoItemLabel-83"
    >
      sys_mod_count
    </span>
    <span
      class="makeStyles-infoItemValue-84"
    >
      15
    </span>
  </div>
  <div
    class="makeStyles-infoItemWrapper-82"
  >
    <span
      class="makeStyles-infoItemLabel-83"
    >
      reopen_count
    </span>
    <span
      class="makeStyles-infoItemValue-84"
    />
  </div>
  <div
    class="makeStyles-infoItemWrapper-82"
  >
    <span
      class="makeStyles-infoItemLabel-83"
    >
      sys_tags
    </span>
    <span
      class="makeStyles-infoItemValue-84"
    />
  </div>
  <div
    class="makeStyles-infoItemWrapper-82"
  >
    <span
      class="makeStyles-infoItemLabel-83"
    >
      escalation
    </span>
    <span
      class="makeStyles-infoItemValue-84"
    >
      Overdue
    </span>
  </div>
  <div
    class="makeStyles-infoItemWrapper-82"
  >
    <span
      class="makeStyles-infoItemLabel-83"
    >
      upon_approval
    </span>
    <span
      class="makeStyles-infoItemValue-84"
    >
      null
    </span>
  </div>
  <div
    class="makeStyles-infoItemWrapper-82"
  >
    <span
      class="makeStyles-infoItemLabel-83"
    >
      location
    </span>
    <span
      class="makeStyles-infoItemValue-84"
    >
      Bockenheimer Landstraße 223, Frankfurt
    </span>
  </div>
  <div
    class="makeStyles-infoItemWrapper-82"
  >
    <span
      class="makeStyles-infoItemLabel-83"
    >
      category
    </span>
    <span
      class="makeStyles-infoItemValue-84"
    >
      Hardware
    </span>
  </div>
</div>
`;
